[94mEnvironment created successfully.[0m
[94mCollecting trajectories...[0m
[94mModels created successfully.[0m
Epoch: 0 - train loss: 0.6531, validation loss: 0.3619
Epoch: 100 - train loss: 0.1145, validation loss: 0.1247
Epoch: 200 - train loss: 0.1103, validation loss: 0.1217
Epoch: 300 - train loss: 0.1087, validation loss: 0.1212
Epoch: 400 - train loss: 0.1073, validation loss: 0.1215
Epoch: 500 - train loss: 0.1053, validation loss: 0.1232
Epoch: 600 - train loss: 0.1007, validation loss: 0.1280
Epoch: 700 - train loss: 0.0916, validation loss: 0.1368
Epoch: 800 - train loss: 0.0820, validation loss: 0.1466
Epoch: 900 - train loss: 0.0729, validation loss: 0.1571
Epoch: 1000 - train loss: 0.0645, validation loss: 0.1640
Epoch: 1100 - train loss: 0.0575, validation loss: 0.1686
Epoch: 1200 - train loss: 0.0517, validation loss: 0.1745
Epoch: 1300 - train loss: 0.0465, validation loss: 0.1771
Epoch: 1400 - train loss: 0.0421, validation loss: 0.1804
Epoch: 1500 - train loss: 0.0388, validation loss: 0.1819
Epoch: 1600 - train loss: 0.0356, validation loss: 0.1821
Epoch: 1700 - train loss: 0.0326, validation loss: 0.1835
Epoch: 1800 - train loss: 0.0302, validation loss: 0.1838
Epoch: 1900 - train loss: 0.0284, validation loss: 0.1831
Epoch: 2000 - train loss: 0.0260, validation loss: 0.1838
Epoch: 2100 - train loss: 0.0246, validation loss: 0.1825
Epoch: 2200 - train loss: 0.0229, validation loss: 0.1822
Epoch: 2300 - train loss: 0.0220, validation loss: 0.1819
Epoch: 2400 - train loss: 0.0206, validation loss: 0.1799
Epoch: 2500 - train loss: 0.0192, validation loss: 0.1794
Epoch: 2600 - train loss: 0.0183, validation loss: 0.1797
Epoch: 2700 - train loss: 0.0174, validation loss: 0.1783
Epoch: 2800 - train loss: 0.0166, validation loss: 0.1777
Epoch: 2900 - train loss: 0.0159, validation loss: 0.1762
Epoch: 3000 - train loss: 0.0150, validation loss: 0.1758
Epoch: 3100 - train loss: 0.0146, validation loss: 0.1739
Epoch: 3200 - train loss: 0.0139, validation loss: 0.1735
Epoch: 3300 - train loss: 0.0132, validation loss: 0.1723
Epoch: 3400 - train loss: 0.0130, validation loss: 0.1715
Epoch: 3500 - train loss: 0.0124, validation loss: 0.1709
Epoch: 3600 - train loss: 0.0120, validation loss: 0.1705
Epoch: 3700 - train loss: 0.0116, validation loss: 0.1690
Epoch: 3800 - train loss: 0.0112, validation loss: 0.1680
Epoch: 3900 - train loss: 0.0108, validation loss: 0.1675
Epoch: 4000 - train loss: 0.0104, validation loss: 0.1677
Epoch: 4100 - train loss: 0.0101, validation loss: 0.1663
Epoch: 4200 - train loss: 0.0097, validation loss: 0.1654
Epoch: 4300 - train loss: 0.0093, validation loss: 0.1651
Epoch: 4400 - train loss: 0.0091, validation loss: 0.1642
Epoch: 4500 - train loss: 0.0089, validation loss: 0.1638
Epoch: 4600 - train loss: 0.0087, validation loss: 0.1634
Epoch: 4700 - train loss: 0.0084, validation loss: 0.1623
Epoch: 4800 - train loss: 0.0082, validation loss: 0.1611
Epoch: 4900 - train loss: 0.0080, validation loss: 0.1612
Epoch: 5000 - train loss: 0.0078, validation loss: 0.1604
Epoch: 5100 - train loss: 0.0076, validation loss: 0.1598
Epoch: 5200 - train loss: 0.0074, validation loss: 0.1596
Epoch: 5300 - train loss: 0.0073, validation loss: 0.1587
Epoch: 5400 - train loss: 0.0070, validation loss: 0.1587
Epoch: 5500 - train loss: 0.0069, validation loss: 0.1574
Epoch: 5600 - train loss: 0.0067, validation loss: 0.1574
Epoch: 5700 - train loss: 0.0066, validation loss: 0.1575
Epoch: 5800 - train loss: 0.0064, validation loss: 0.1565
Epoch: 5900 - train loss: 0.0063, validation loss: 0.1564
Epoch: 6000 - train loss: 0.0062, validation loss: 0.1556
Epoch: 6100 - train loss: 0.0060, validation loss: 0.1557
Epoch: 6200 - train loss: 0.0058, validation loss: 0.1546
Epoch: 6300 - train loss: 0.0058, validation loss: 0.1549
Epoch: 6400 - train loss: 0.0057, validation loss: 0.1537
Epoch: 6500 - train loss: 0.0055, validation loss: 0.1539
Epoch: 6600 - train loss: 0.0054, validation loss: 0.1537
Epoch: 6700 - train loss: 0.0053, validation loss: 0.1528
Epoch: 6800 - train loss: 0.0053, validation loss: 0.1527
Epoch: 6900 - train loss: 0.0051, validation loss: 0.1527
Epoch: 7000 - train loss: 0.0050, validation loss: 0.1521
Epoch: 7100 - train loss: 0.0049, validation loss: 0.1521
Epoch: 7200 - train loss: 0.0048, validation loss: 0.1518
Epoch: 7300 - train loss: 0.0047, validation loss: 0.1510
Epoch: 7400 - train loss: 0.0046, validation loss: 0.1511
Epoch: 7500 - train loss: 0.0045, validation loss: 0.1509
Epoch: 7600 - train loss: 0.0044, validation loss: 0.1507
Epoch: 7700 - train loss: 0.0044, validation loss: 0.1502
Epoch: 7800 - train loss: 0.0043, validation loss: 0.1500
Epoch: 7900 - train loss: 0.0042, validation loss: 0.1501
Epoch: 8000 - train loss: 0.0041, validation loss: 0.1496
Epoch: 8100 - train loss: 0.0041, validation loss: 0.1491
Epoch: 8200 - train loss: 0.0040, validation loss: 0.1492
Epoch: 8300 - train loss: 0.0039, validation loss: 0.1492
Epoch: 8400 - train loss: 0.0039, validation loss: 0.1486
Epoch: 8500 - train loss: 0.0039, validation loss: 0.1486
Epoch: 8600 - train loss: 0.0038, validation loss: 0.1483
Epoch: 8700 - train loss: 0.0037, validation loss: 0.1484
Epoch: 8800 - train loss: 0.0037, validation loss: 0.1485
Epoch: 8900 - train loss: 0.0035, validation loss: 0.1480
Epoch: 9000 - train loss: 0.0035, validation loss: 0.1483
Epoch: 9100 - train loss: 0.0034, validation loss: 0.1478
Epoch: 9200 - train loss: 0.0034, validation loss: 0.1481
Epoch: 9300 - train loss: 0.0034, validation loss: 0.1475
Epoch: 9400 - train loss: 0.0033, validation loss: 0.1472
Epoch: 9500 - train loss: 0.0033, validation loss: 0.1473
Epoch: 9600 - train loss: 0.0032, validation loss: 0.1472
Epoch: 9700 - train loss: 0.0031, validation loss: 0.1473
Epoch: 9800 - train loss: 0.0031, validation loss: 0.1471
Epoch: 9900 - train loss: 0.0031, validation loss: 0.1464
[✓] Saved DT model to results/models/DT/model_5_date:2025-07-09_traj:0_loss-fn:MSELoss_batch-size:256_optimizer:AdamW_embed-dim:256_n-heads:8_n-layers:6_lr:0.0001
[92mTraining completed successfully.[0m
