[94mEnvironment created successfully.[0m
[94mCollecting trajectories...[0m
[94mModels created successfully.[0m
Epoch: 0 - Loss: 0.4760
Epoch: 100 - Loss: 0.0178
Epoch: 200 - Loss: 0.0153
Epoch: 300 - Loss: 0.0140
Epoch: 400 - Loss: 0.0135
Epoch: 500 - Loss: 0.0129
Epoch: 600 - Loss: 0.0124
Epoch: 700 - Loss: 0.0120
Epoch: 800 - Loss: 0.0112
Epoch: 900 - Loss: 0.0102
Epoch: 1000 - Loss: 0.0089
Epoch: 1100 - Loss: 0.0072
Epoch: 1200 - Loss: 0.0055
Epoch: 1300 - Loss: 0.0044
Epoch: 1400 - Loss: 0.0037
Epoch: 1500 - Loss: 0.0031
Epoch: 1600 - Loss: 0.0027
Epoch: 1700 - Loss: 0.0025
Epoch: 1800 - Loss: 0.0022
Epoch: 1900 - Loss: 0.0021
Epoch: 2000 - Loss: 0.0019
Epoch: 2100 - Loss: 0.0018
Epoch: 2200 - Loss: 0.0016
Epoch: 2300 - Loss: 0.0015
Epoch: 2400 - Loss: 0.0015
Epoch: 2500 - Loss: 0.0014
Epoch: 2600 - Loss: 0.0013
Epoch: 2700 - Loss: 0.0012
Epoch: 2800 - Loss: 0.0011
Epoch: 2900 - Loss: 0.0012
Epoch: 3000 - Loss: 0.0011
Epoch: 3100 - Loss: 0.0010
Epoch: 3200 - Loss: 0.0010
Epoch: 3300 - Loss: 0.0010
Epoch: 3400 - Loss: 0.0009
Epoch: 3500 - Loss: 0.0009
Epoch: 3600 - Loss: 0.0009
Epoch: 3700 - Loss: 0.0008
Epoch: 3800 - Loss: 0.0008
Epoch: 3900 - Loss: 0.0008
Epoch: 4000 - Loss: 0.0007
Epoch: 4100 - Loss: 0.0008
Epoch: 4200 - Loss: 0.0007
Epoch: 4300 - Loss: 0.0008
Epoch: 4400 - Loss: 0.0007
Epoch: 4500 - Loss: 0.0007
Epoch: 4600 - Loss: 0.0006
Epoch: 4700 - Loss: 0.0006
Epoch: 4800 - Loss: 0.0007
Epoch: 4900 - Loss: 0.0006
Epoch: 5000 - Loss: 0.0006
Epoch: 5100 - Loss: 0.0006
Epoch: 5200 - Loss: 0.0006
Epoch: 5300 - Loss: 0.0006
Epoch: 5400 - Loss: 0.0005
Epoch: 5500 - Loss: 0.0005
Epoch: 5600 - Loss: 0.0005
Epoch: 5700 - Loss: 0.0005
Epoch: 5800 - Loss: 0.0005
Epoch: 5900 - Loss: 0.0005
Epoch: 6000 - Loss: 0.0005
Epoch: 6100 - Loss: 0.0005
Epoch: 6200 - Loss: 0.0005
Epoch: 6300 - Loss: 0.0004
Epoch: 6400 - Loss: 0.0004
Epoch: 6500 - Loss: 0.0004
Epoch: 6600 - Loss: 0.0005
Epoch: 6700 - Loss: 0.0004
Epoch: 6800 - Loss: 0.0004
Epoch: 6900 - Loss: 0.0004
Epoch: 7000 - Loss: 0.0004
Epoch: 7100 - Loss: 0.0004
Epoch: 7200 - Loss: 0.0004
Epoch: 7300 - Loss: 0.0004
Epoch: 7400 - Loss: 0.0004
Epoch: 7500 - Loss: 0.0004
Epoch: 7600 - Loss: 0.0003
Epoch: 7700 - Loss: 0.0003
Epoch: 7800 - Loss: 0.0004
Epoch: 7900 - Loss: 0.0003
Epoch: 8000 - Loss: 0.0003
Epoch: 8100 - Loss: 0.0003
Epoch: 8200 - Loss: 0.0003
Epoch: 8300 - Loss: 0.0003
Epoch: 8400 - Loss: 0.0003
Epoch: 8500 - Loss: 0.0003
Epoch: 8600 - Loss: 0.0003
Epoch: 8700 - Loss: 0.0003
Epoch: 8800 - Loss: 0.0003
Epoch: 8900 - Loss: 0.0003
Epoch: 9000 - Loss: 0.0003
Epoch: 9100 - Loss: 0.0003
Epoch: 9200 - Loss: 0.0003
Epoch: 9300 - Loss: 0.0003
Epoch: 9400 - Loss: 0.0003
Epoch: 9500 - Loss: 0.0002
Epoch: 9600 - Loss: 0.0002
Epoch: 9700 - Loss: 0.0002
Epoch: 9800 - Loss: 0.0002
Epoch: 9900 - Loss: 0.0002
[✓] Saved DT model to results/models/DT/model_2_date:2025-06-28_traj:3_loss-fn:MSELoss_batch-size:256_optimizer:AdamW_embed-dim:256_n-heads:8_n-layers:6_lr:0.0001
[92mTraining completed successfully.[0m
